// Jest Snapshot v1, https://goo.gl/fbAQLP

exports[`App renders without error 1`] = `
<div>
  <div
    class="p-5 py-3 py-md-5 css-cpnos0"
    data-testid="app"
  />
</div>
`;
